{"synthetic": false,
 "schemaVersion": "2025-09-10",
 "outputs":
 {"o": ["a841763db909dc49.olean"],
  "m": false,
  "i": "856c778d4261fee6.ilean",
  "c": "5258c269443641df.c"},
 "log":
 [{"message":
   ".> LEAN_PATH=/home/johan/rh_lean/.lake/packages/Cli/.lake/build/lib/lean:/home/johan/rh_lean/.lake/packages/batteries/.lake/build/lib/lean:/home/johan/rh_lean/.lake/packages/Qq/.lake/build/lib/lean:/home/johan/rh_lean/.lake/packages/aesop/.lake/build/lib/lean:/home/johan/rh_lean/.lake/packages/proofwidgets/.lake/build/lib/lean:/home/johan/rh_lean/.lake/packages/importGraph/.lake/build/lib/lean:/home/johan/rh_lean/.lake/packages/LeanSearchClient/.lake/build/lib/lean:/home/johan/rh_lean/.lake/packages/plausible/.lake/build/lib/lean:/home/johan/rh_lean/.lake/packages/mathlib/.lake/build/lib/lean:/home/johan/rh_lean/.lake/build/lib/lean /home/johan/.elan/toolchains/leanprover--lean4---v4.35.0-rc2/bin/lean /home/johan/rh_lean/RhLean/Basic.lean -o /home/johan/rh_lean/.lake/build/lib/lean/RhLean/Basic.olean -i /home/johan/rh_lean/.lake/build/lib/lean/RhLean/Basic.ilean -c /home/johan/rh_lean/.lake/build/ir/RhLean/Basic.c --setup /home/johan/rh_lean/.lake/build/ir/RhLean/Basic.setup.json --json",
   "level": "trace"},
  {"message": "RhLean/Basic.lean:8:0: RiemannHypothesis : Prop",
   "level": "info"},
  {"message": "RhLean/Basic.lean:43:0: riemannZetaZeros : Set ℂ",
   "level": "info"},
  {"message":
   "RhLean/Basic.lean:44:0: isClosed_riemannZetaZeros : IsClosed riemannZetaZeros",
   "level": "info"},
  {"message":
   "RhLean/Basic.lean:45:0: isDiscrete_riemannZetaZeros : IsDiscrete riemannZetaZeros",
   "level": "info"}],
 "inputs":
 [["deps",
   [["rh_lean/RhLean:extraDep", [["@rh_lean:extraDep", "00000000000006bb"]]],
    ["imports",
     [["Mathlib.NumberTheory.ArithmeticFunction.VonMangoldt transitive imports (legacy)",
       "b9c35c67d4c6f56f"],
      ["Mathlib.NumberTheory.ArithmeticFunction.VonMangoldt:importAllArts",
       "45dc77edf2df10d2"],
      ["Mathlib.NumberTheory.LSeries.RiemannZeta transitive imports (legacy)",
       "6af6319405bade77"],
      ["Mathlib.NumberTheory.LSeries.RiemannZeta:importAllArts",
       "5ae34e8f8437472d"],
      ["Mathlib.NumberTheory.LSeries.ZetaZeros transitive imports (legacy)",
       "34f574ccb07bc443"],
      ["Mathlib.NumberTheory.LSeries.ZetaZeros:importAllArts",
       "43948df3bfcc606f"]]]]],
  ["libs",
   [["import dynlibs", "00000000000006bb"],
    ["package external libraries", "00000000000006bb"],
    ["module dynlibs", "00000000000006bb"],
    ["module plugins", "00000000000006bb"]]],
  ["Lean 4.35.0, commit 11acb17ec6b07a8f9e9173e6845197929540936b",
   "2044b061b657ebda"],
  ["/home/johan/rh_lean/RhLean/Basic.lean", "6958e271f3cb2572"],
  ["options", "00000000000006bb"],
  ["isModule: false", "feefd2a0d3a1847e"],
  ["Module.name: RhLean.Basic", "ac5c3b3ccbb030b2"],
  ["Package.id?: (some rh_lean)", "3e76c717ff9b288d"],
  ["Module.leanArgs: #[]", "00000000000006bb"]],
 "depHash": "c3ec60faf9b7a4bb"}